// Jest Snapshot v1, https://goo.gl/fbAQLP

exports[`Tests on \`GifGrid\` component GifGrid should be created 1`] = `
<Fragment>
  <h3
    className="animate__animated animate__flash"
  >
    Dragon Ball
  </h3>
  <p
    className="animate__animated animate__flash"
  >
    Cargando...
  </p>
  <div
    className="card-grid"
  />
</Fragment>
`;
